// Jest Snapshot v1, https://goo.gl/fbAQLP

exports[`#Home Check component Home 1`] = `
<div
  class="container container--dark"
>
  <div
    class="switch"
  >
    <input
      class="switch__input"
      id="Switch"
      type="checkbox"
    />
    <label
      class="switch__label"
      for="Switch"
    >
      <span
        class="switch__indicator"
      />
      <span
        class="switch__decoration"
      />
    </label>
  </div>
  <img
    alt="img_leonardo"
    class="container--dark--imgProfile"
    src="imgProfile.png"
  />
  <h3
    class="container--dark--title"
  >
    Leonardo Romero Perez
  </h3>
  <div
    class="containerIcons"
  >
    <a
      href="https://github.com/leonardofrp5"
      rel="noopener noreferrer"
      target="_blank"
    >
      <svg
        class="container--dark--icon"
      >
        github.svg
      </svg>
    </a>
    <a
      href="https://www.linkedin.com/in/leonardo-fabian-romero-perez-516479168/"
      rel="noopener noreferrer"
      target="_blank"
    >
      <svg
        class="container--dark--icon"
      >
        linkedin.svg
      </svg>
    </a>
    <a
      href="https://twitter.com/leofrp"
      rel="noopener noreferrer"
      target="_blank"
    >
      <svg
        class="container--dark--icon"
      >
        twitter.svg
      </svg>
    </a>
    <a
      href="https://www.instagram.com/dev.leofrp/"
      rel="noopener noreferrer"
      target="_blank"
    >
      <svg
        class="container--dark--icon"
      >
        instagram.svg
      </svg>
    </a>
  </div>
  <footer
    class="footer"
  >
    Fabricated by Leonardo Romero Copyright Â© 
    2021
  </footer>
</div>
`;
