// Jest Snapshot v1, https://goo.gl/fbAQLP

exports[`#App Check component App 1`] = `
<div
  class="container"
>
  <img
    alt="img_leonardo"
    class="imgProfile"
    src="imgProfile.png"
  />
  <h3
    class="title"
  >
    Leonardo Romero Perez
  </h3>
</div>
`;
